[    0.000000] Linux version 4.15.0-143-generic (buildd@lcy01-amd64-001) (gcc version 7.5.0 (Ubuntu 7.5.0-3ubuntu1~18.04)) #147-Ubuntu SMP Wed Apr 14 16:10:11 UTC 2021 (Ubuntu 4.15.0-143.147-generic 4.15.18)
[    0.000000] Command line: BOOT_IMAGE=/boot/vmlinuz-4.15.0-143-generic root=LABEL=cloudimg-rootfs ro console=tty1 console=ttyS0
[    0.000000] KERNEL supported cpus:
[    0.000000]   Intel GenuineIntel
[    0.000000]   AMD AuthenticAMD
[    0.000000]   Centaur CentaurHauls
[    0.000000] x86/fpu: Supporting XSAVE feature 0x001: 'x87 floating point registers'
[    0.000000] x86/fpu: Supporting XSAVE feature 0x002: 'SSE registers'
[    0.000000] x86/fpu: Supporting XSAVE feature 0x004: 'AVX registers'
[    0.000000] x86/fpu: xstate_offset[2]:  576, xstate_sizes[2]:  256
[    0.000000] x86/fpu: Enabled xstate features 0x7, context size is 832 bytes, using 'standard' format.
[    0.000000] e820: BIOS-provided physical RAM map:
[    0.000000] BIOS-e820: [mem 0x0000000000000000-0x000000000009fbff] usable
[    0.000000] BIOS-e820: [mem 0x000000000009fc00-0x000000000009ffff] reserved
[    0.000000] BIOS-e820: [mem 0x00000000000f0000-0x00000000000fffff] reserved
[    0.000000] BIOS-e820: [mem 0x0000000000100000-0x00000000dffeffff] usable
[    0.000000] BIOS-e820: [mem 0x00000000dfff0000-0x00000000dfffffff] ACPI data
[    0.000000] BIOS-e820: [mem 0x00000000fec00000-0x00000000fec00fff] reserved
[    0.000000] BIOS-e820: [mem 0x00000000fee00000-0x00000000fee00fff] reserved
[    0.000000] BIOS-e820: [mem 0x00000000fffc0000-0x00000000ffffffff] reserved
[    0.000000] BIOS-e820: [mem 0x0000000100000000-0x000000011cffffff] usable
[    0.000000] NX (Execute Disable) protection: active
[    0.000000] SMBIOS 2.5 present.
[    0.000000] DMI: innotek GmbH VirtualBox/VirtualBox, BIOS VirtualBox 12/01/2006
[    0.000000] Hypervisor detected: KVM
[    0.000000] e820: last_pfn = 0x11d000 max_arch_pfn = 0x400000000
[    0.000000] MTRR: Disabled
[    0.000000] x86/PAT: MTRRs disabled, skipping PAT initialization too.
[    0.000000] CPU MTRRs all blank - virtualized system.
[    0.000000] x86/PAT: Configuration [0-7]: WB  WT  UC- UC  WB  WT  UC- UC  
[    0.000000] e820: last_pfn = 0xdfff0 max_arch_pfn = 0x400000000
[    0.000000] found SMP MP-table at [mem 0x0009fff0-0x0009ffff]
[    0.000000] Scanning 1 areas for low memory corruption
[    0.000000] RAMDISK: [mem 0x359d1000-0x36cdffff]
[    0.000000] ACPI: Early table checksum verification disabled
[    0.000000] ACPI: RSDP 0x00000000000E0000 000024 (v02 VBOX  )
[    0.000000] ACPI: XSDT 0x00000000DFFF0030 00003C (v01 VBOX   VBOXXSDT 00000001 ASL  00000061)
[    0.000000] ACPI: FACP 0x00000000DFFF00F0 0000F4 (v04 VBOX   VBOXFACP 00000001 ASL  00000061)
[    0.000000] ACPI: DSDT 0x00000000DFFF0480 002325 (v02 VBOX   VBOXBIOS 00000002 INTL 20100528)
[    0.000000] ACPI: FACS 0x00000000DFFF0200 000040
[    0.000000] ACPI: FACS 0x00000000DFFF0200 000040
[    0.000000] ACPI: APIC 0x00000000DFFF0240 00006C (v02 VBOX   VBOXAPIC 00000001 ASL  00000061)
[    0.000000] ACPI: SSDT 0x00000000DFFF02B0 0001CC (v01 VBOX   VBOXCPUT 00000002 INTL 20100528)
[    0.000000] No NUMA configuration found
[    0.000000] Faking a node at [mem 0x0000000000000000-0x000000011cffffff]
[    0.000000] NODE_DATA(0) allocated [mem 0x11cfd3000-0x11cffdfff]
[    0.000000] kvm-clock: cpu 0, msr 1:1cf52001, primary cpu clock
[    0.000000] kvm-clock: Using msrs 4b564d01 and 4b564d00
[    0.000000] kvm-clock: using sched offset of 3627778700 cycles
[    0.000000] clocksource: kvm-clock: mask: 0xffffffffffffffff max_cycles: 0x1cd42e4dffb, max_idle_ns: 881590591483 ns
[    0.000000] Zone ranges:
[    0.000000]   DMA      [mem 0x0000000000001000-0x0000000000ffffff]
[    0.000000]   DMA32    [mem 0x0000000001000000-0x00000000ffffffff]
[    0.000000]   Normal   [mem 0x0000000100000000-0x000000011cffffff]
[    0.000000]   Device   empty
[    0.000000] Movable zone start for each node
[    0.000000] Early memory node ranges
[    0.000000]   node   0: [mem 0x0000000000001000-0x000000000009efff]
[    0.000000]   node   0: [mem 0x0000000000100000-0x00000000dffeffff]
[    0.000000]   node   0: [mem 0x0000000100000000-0x000000011cffffff]
[    0.000000] Reserved but unavailable: 98 pages
[    0.000000] Initmem setup node 0 [mem 0x0000000000001000-0x000000011cffffff]
[    0.000000] ACPI: PM-Timer IO Port: 0x4008
[    0.000000] IOAPIC[0]: apic_id 4, version 32, address 0xfec00000, GSI 0-23
[    0.000000] ACPI: INT_SRC_OVR (bus 0 bus_irq 0 global_irq 2 dfl dfl)
[    0.000000] ACPI: INT_SRC_OVR (bus 0 bus_irq 9 global_irq 9 low level)
[    0.000000] Using ACPI (MADT) for SMP configuration information
[    0.000000] smpboot: Allowing 4 CPUs, 0 hotplug CPUs
[    0.000000] PM: Registered nosave memory: [mem 0x00000000-0x00000fff]
[    0.000000] PM: Registered nosave memory: [mem 0x0009f000-0x0009ffff]
[    0.000000] PM: Registered nosave memory: [mem 0x000a0000-0x000effff]
[    0.000000] PM: Registered nosave memory: [mem 0x000f0000-0x000fffff]
[    0.000000] PM: Registered nosave memory: [mem 0xdfff0000-0xdfffffff]
[    0.000000] PM: Registered nosave memory: [mem 0xe0000000-0xfebfffff]
[    0.000000] PM: Registered nosave memory: [mem 0xfec00000-0xfec00fff]
[    0.000000] PM: Registered nosave memory: [mem 0xfec01000-0xfedfffff]
[    0.000000] PM: Registered nosave memory: [mem 0xfee00000-0xfee00fff]
[    0.000000] PM: Registered nosave memory: [mem 0xfee01000-0xfffbffff]
[    0.000000] PM: Registered nosave memory: [mem 0xfffc0000-0xffffffff]
[    0.000000] e820: [mem 0xe0000000-0xfebfffff] available for PCI devices
[    0.000000] Booting paravirtualized kernel on KVM
[    0.000000] clocksource: refined-jiffies: mask: 0xffffffff max_cycles: 0xffffffff, max_idle_ns: 7645519600211568 ns
[    0.000000] random: get_random_bytes called from start_kernel+0x99/0x500 with crng_init=0
[    0.000000] setup_percpu: NR_CPUS:8192 nr_cpumask_bits:4 nr_cpu_ids:4 nr_node_ids:1
[    0.000000] percpu: Embedded 45 pages/cpu s147456 r8192 d28672 u524288
[    0.000000] PV qspinlock hash table entries: 256 (order: 0, 4096 bytes)
[    0.000000] Built 1 zonelists, mobility grouping on.  Total pages: 1019961
[    0.000000] Policy zone: Normal
[    0.000000] Kernel command line: BOOT_IMAGE=/boot/vmlinuz-4.15.0-143-generic root=LABEL=cloudimg-rootfs ro console=tty1 console=ttyS0
[    0.000000] Memory: 3963828K/4144696K available (12300K kernel code, 2483K rwdata, 4316K rodata, 2444K init, 2724K bss, 180868K reserved, 0K cma-reserved)
[    0.000000] SLUB: HWalign=64, Order=0-3, MinObjects=0, CPUs=4, Nodes=1
[    0.000000] Kernel/User page tables isolation: enabled
[    0.000000] ftrace: allocating 39437 entries in 155 pages
[    0.004000] Hierarchical RCU implementation.
[    0.004000] 	RCU restricting CPUs from NR_CPUS=8192 to nr_cpu_ids=4.
[    0.004000] 	Tasks RCU enabled.
[    0.004000] RCU: Adjusting geometry for rcu_fanout_leaf=16, nr_cpu_ids=4
[    0.004000] NR_IRQS: 524544, nr_irqs: 456, preallocated irqs: 16
[    0.004000] Console: colour VGA+ 80x25
[    0.004000] console [tty1] enabled
[    0.004000] console [ttyS0] enabled
[    0.004000] ACPI: Core revision 20170831
[    0.004000] ACPI: 2 ACPI AML tables successfully acquired and loaded
[    0.004000] APIC: Switch to symmetric I/O mode setup
[    0.004000] x2apic enabled
[    0.004000] Switched APIC routing to physical x2apic.
[    0.004000] ..TIMER: vector=0x30 apic1=0 pin1=2 apic2=-1 pin2=-1
[    0.004003] tsc: Detected 2591.998 MHz processor
[    0.004722] Calibrating delay loop (skipped) preset value.. 5183.99 BogoMIPS (lpj=10367992)
[    0.005293] pid_max: default: 32768 minimum: 301
[    0.006034] Security Framework initialized
[    0.006690] Yama: becoming mindful.
[    0.008018] AppArmor: AppArmor initialized
[    0.016087] Dentry cache hash table entries: 524288 (order: 10, 4194304 bytes)
[    0.020000] Inode-cache hash table entries: 262144 (order: 9, 2097152 bytes)
[    0.020013] Mount-cache hash table entries: 8192 (order: 4, 65536 bytes)
[    0.021267] Mountpoint-cache hash table entries: 8192 (order: 4, 65536 bytes)
[    0.024218] Last level iTLB entries: 4KB 64, 2MB 8, 4MB 8
[    0.025343] Last level dTLB entries: 4KB 64, 2MB 0, 4MB 0, 1GB 4
[    0.026529] Spectre V1 : Mitigation: usercopy/swapgs barriers and __user pointer sanitization
[    0.028001] Spectre V2 : Mitigation: Full generic retpoline
[    0.029110] Spectre V2 : Spectre v2 / SpectreRSB mitigation: Filling RSB on context switch
[    0.030422] Speculative Store Bypass: Vulnerable
[    0.031313] SRBDS: Unknown: Dependent on hypervisor status
[    0.032001] MDS: Mitigation: Clear CPU buffers
[    0.033091] Freeing SMP alternatives memory: 36K
[    0.144050] smpboot: CPU0: Intel(R) Core(TM) i7-9750H CPU @ 2.60GHz (family: 0x6, model: 0x9e, stepping: 0xa)
[    0.145893] Performance Events: unsupported p6 CPU model 158 no PMU driver, software events only.
[    0.148056] Hierarchical SRCU implementation.
[    0.149580] NMI watchdog: Perf event create on CPU 0 failed with -2
[    0.150689] NMI watchdog: Perf NMI watchdog permanently disabled
[    0.152037] smp: Bringing up secondary CPUs ...
[    0.156057] x86: Booting SMP configuration:
[    0.156859] .... node  #0, CPUs:      #1
[    0.004000] kvm-clock: cpu 1, msr 1:1cf52041, secondary cpu clock
[    0.160057]  #2
[    0.004000] kvm-clock: cpu 2, msr 1:1cf52081, secondary cpu clock
[    0.164061]  #3
[    0.004000] kvm-clock: cpu 3, msr 1:1cf520c1, secondary cpu clock
[    0.168011] smp: Brought up 1 node, 4 CPUs
[    0.169017] smpboot: Max logical packages: 1
[    0.169838] smpboot: Total of 4 processors activated (20735.98 BogoMIPS)
[    0.172039] devtmpfs: initialized
[    0.172856] x86/mm: Memory block size: 128MB
[    0.174018] evm: security.selinux
[    0.174870] evm: security.SMACK64
[    0.176002] evm: security.SMACK64EXEC
[    0.176938] evm: security.SMACK64TRANSMUTE
[    0.177767] evm: security.SMACK64MMAP
[    0.178670] evm: security.apparmor
[    0.179293] evm: security.ima
[    0.180002] evm: security.capability
[    0.181007] clocksource: jiffies: mask: 0xffffffff max_cycles: 0xffffffff, max_idle_ns: 7645041785100000 ns
[    0.182218] futex hash table entries: 1024 (order: 4, 65536 bytes)
[    0.184035] pinctrl core: initialized pinctrl subsystem
[    0.185091] RTC time:  8:52:27, date: 07/22/21
[    0.186189] NET: Registered protocol family 16
[    0.187062] audit: initializing netlink subsys (disabled)
[    0.188017] audit: type=2000 audit(1626943952.649:1): state=initialized audit_enabled=0 res=1
[    0.188170] cpuidle: using governor ladder
[    0.192005] cpuidle: using governor menu
[    0.193151] ACPI: bus type PCI registered
[    0.193906] acpiphp: ACPI Hot Plug PCI Controller Driver version: 0.5
[    0.195202] PCI: Using configuration type 1 for base access
[    0.196959] HugeTLB registered 2.00 MiB page size, pre-allocated 0 pages
[    0.200057] ACPI: Added _OSI(Module Device)
[    0.200816] ACPI: Added _OSI(Processor Device)
[    0.204002] ACPI: Added _OSI(3.0 _SCP Extensions)
[    0.204911] ACPI: Added _OSI(Processor Aggregator Device)
[    0.205927] ACPI: Added _OSI(Linux-Dell-Video)
[    0.206767] ACPI: Added _OSI(Linux-Lenovo-NV-HDMI-Audio)
[    0.208002] ACPI: Added _OSI(Linux-HPI-Hybrid-Graphics)
[    0.209202] ACPI: Executed 1 blocks of module-level executable AML code
[    0.213641] ACPI: Interpreter enabled
[    0.214387] ACPI: (supports S0 S5)
[    0.216002] ACPI: Using IOAPIC for interrupt routing
[    0.217293] PCI: Using host bridge windows from ACPI; if necessary, use "pci=nocrs" and report a bug
[    0.219202] ACPI: Enabled 2 GPEs in block 00 to 07
[    0.225104] ACPI: PCI Root Bridge [PCI0] (domain 0000 [bus 00-ff])
[    0.226497] acpi PNP0A03:00: _OSC: OS supports [ASPM ClockPM Segments MSI]
[    0.228494] acpi PNP0A03:00: _OSC: not requesting OS control; OS requires [ExtendedConfig ASPM ClockPM MSI]
[    0.230081] acpi PNP0A03:00: fail to add MMCONFIG information, can't access extended PCI configuration space under this bridge.
[    0.232350] PCI host bridge to bus 0000:00
[    0.233258] pci_bus 0000:00: root bus resource [io  0x0000-0x0cf7 window]
[    0.234520] pci_bus 0000:00: root bus resource [io  0x0d00-0xffff window]
[    0.236002] pci_bus 0000:00: root bus resource [mem 0x000a0000-0x000bffff window]
[    0.237368] pci_bus 0000:00: root bus resource [mem 0xe0000000-0xfdffffff window]
[    0.238794] pci_bus 0000:00: root bus resource [bus 00-ff]
[    0.241904] pci 0000:00:01.1: legacy IDE quirk: reg 0x10: [io  0x01f0-0x01f7]
[    0.243125] pci 0000:00:01.1: legacy IDE quirk: reg 0x14: [io  0x03f6]
[    0.244002] pci 0000:00:01.1: legacy IDE quirk: reg 0x18: [io  0x0170-0x0177]
[    0.245176] pci 0000:00:01.1: legacy IDE quirk: reg 0x1c: [io  0x0376]
[    0.272855] pci 0000:00:07.0: quirk: [io  0x4000-0x403f] claimed by PIIX4 ACPI
[    0.274434] pci 0000:00:07.0: quirk: [io  0x4100-0x410f] claimed by PIIX4 SMB
[    0.291552] ACPI: PCI Interrupt Link [LNKA] (IRQs 5 9 10 *11)
[    0.292537] ACPI: PCI Interrupt Link [LNKB] (IRQs 5 9 *10 11)
[    0.296074] ACPI: PCI Interrupt Link [LNKC] (IRQs 5 *9 10 11)
[    0.297379] ACPI: PCI Interrupt Link [LNKD] (IRQs 5 9 10 *11)
[    0.298585] SCSI subsystem initialized
[    0.299234] pci 0000:00:02.0: vgaarb: setting as boot VGA device
[    0.299234] pci 0000:00:02.0: vgaarb: VGA device added: decodes=io+mem,owns=io+mem,locks=none
[    0.300007] pci 0000:00:02.0: vgaarb: bridge control possible
[    0.301024] vgaarb: loaded
[    0.301516] ACPI: bus type USB registered
[    0.302179] usbcore: registered new interface driver usbfs
[    0.304013] usbcore: registered new interface driver hub
[    0.304919] usbcore: registered new device driver usb
[    0.305759] EDAC MC: Ver: 3.0.0
[    0.308154] PCI: Using ACPI for IRQ routing
[    0.309150] NetLabel: Initializing
[    0.309729] NetLabel:  domain hash size = 128
[    0.310437] NetLabel:  protocols = UNLABELED CIPSOv4 CALIPSO
[    0.311371] NetLabel:  unlabeled traffic allowed by default
[    0.312096] clocksource: Switched to clocksource kvm-clock
[    0.330712] VFS: Disk quotas dquot_6.6.0
[    0.331566] VFS: Dquot-cache hash table entries: 512 (order 0, 4096 bytes)
[    0.332882] AppArmor: AppArmor Filesystem Enabled
[    0.333795] pnp: PnP ACPI init
[    0.335280] pnp: PnP ACPI: found 3 devices
[    0.346363] clocksource: acpi_pm: mask: 0xffffff max_cycles: 0xffffff, max_idle_ns: 2085701024 ns
[    0.348457] NET: Registered protocol family 2
[    0.349317] TCP established hash table entries: 32768 (order: 6, 262144 bytes)
[    0.350669] TCP bind hash table entries: 32768 (order: 7, 524288 bytes)
[    0.354835] TCP: Hash tables configured (established 32768 bind 32768)
[    0.355892] UDP hash table entries: 2048 (order: 4, 65536 bytes)
[    0.357012] UDP-Lite hash table entries: 2048 (order: 4, 65536 bytes)
[    0.358177] NET: Registered protocol family 1
[    0.358997] pci 0000:00:00.0: Limiting direct PCI/PCI transfers
[    0.360051] pci 0000:00:01.0: Activating ISA DMA hang workarounds
[    0.361117] pci 0000:00:02.0: Video device with shadowed ROM at [mem 0x000c0000-0x000dffff]
[    0.362742] Unpacking initramfs...
[    0.626452] Freeing initrd memory: 19516K
[    0.627364] PCI-DMA: Using software bounce buffering for IO (SWIOTLB)
[    0.628630] software IO TLB: mapped [mem 0xdbff0000-0xdfff0000] (64MB)
[    0.629828] clocksource: tsc: mask: 0xffffffffffffffff max_cycles: 0x255cb518234, max_idle_ns: 440795279333 ns
[    0.631629] platform rtc_cmos: registered platform RTC device (no PNP device found)
[    0.633070] Scanning for low memory corruption every 60 seconds
[    0.634850] Initialise system trusted keyrings
[    0.635607] Key type blacklist registered
[    0.636578] workingset: timestamp_bits=36 max_order=20 bucket_order=0
[    0.641646] zbud: loaded
[    0.642738] squashfs: version 4.0 (2009/01/31) Phillip Lougher
[    0.644242] fuse init (API version 7.26)
[    0.648833] Key type asymmetric registered
[    0.649628] Asymmetric key parser 'x509' registered
[    0.650452] Block layer SCSI generic (bsg) driver version 0.4 loaded (major 246)
[    0.651768] io scheduler noop registered
[    0.652630] io scheduler deadline registered
[    0.653488] io scheduler cfq registered (default)
[    0.654879] ACPI: AC Adapter [AC] (on-line)
[    0.655785] input: Power Button as /devices/LNXSYSTM:00/LNXPWRBN:00/input/input0
[    0.657472] ACPI: Power Button [PWRF]
[    0.658252] input: Sleep Button as /devices/LNXSYSTM:00/LNXSLPBN:00/input/input1
[    0.659696] ACPI: Sleep Button [SLPF]
[    0.661660] ACPI: Battery Slot [BAT0] (battery present)
[    0.662867] Serial: 8250/16550 driver, 32 ports, IRQ sharing enabled
[    0.684943] 00:02: ttyS0 at I/O 0x3f8 (irq = 4, base_baud = 115200) is a 16550A
[    0.691700] Linux agpgart interface v0.103
[    0.697949] loop: module loaded
[    0.699332] scsi host0: ata_piix
[    0.700449] scsi host1: ata_piix
[    0.701139] ata1: PATA max UDMA/33 cmd 0x1f0 ctl 0x3f6 bmdma 0xd000 irq 14
[    0.702430] ata2: PATA max UDMA/33 cmd 0x170 ctl 0x376 bmdma 0xd008 irq 15
[    0.703740] libphy: Fixed MDIO Bus: probed
[    0.704581] tun: Universal TUN/TAP device driver, 1.6
[    0.705599] PPP generic driver version 2.4.2
[    0.706582] ehci_hcd: USB 2.0 'Enhanced' Host Controller (EHCI) Driver
[    0.707942] ehci-pci: EHCI PCI platform driver
[    0.708874] ehci-platform: EHCI generic platform driver
[    0.709905] ohci_hcd: USB 1.1 'Open' Host Controller (OHCI) Driver
[    0.711035] ohci-pci: OHCI PCI platform driver
[    0.711892] ohci-platform: OHCI generic platform driver
[    0.712964] uhci_hcd: USB Universal Host Controller Interface driver
[    0.714230] i8042: PNP: PS/2 Controller [PNP0303:PS2K,PNP0f03:PS2M] at 0x60,0x64 irq 1,12
[    0.716277] serio: i8042 KBD port at 0x60,0x64 irq 1
[    0.717236] serio: i8042 AUX port at 0x60,0x64 irq 12
[    0.718564] mousedev: PS/2 mouse device common for all mice
[    0.720250] rtc_cmos rtc_cmos: rtc core: registered rtc_cmos as rtc0
[    0.721468] rtc_cmos rtc_cmos: alarms up to one day, 114 bytes nvram
[    0.722713] i2c /dev entries driver
[    0.723395] input: AT Translated Set 2 keyboard as /devices/platform/i8042/serio0/input/input2
[    0.725387] device-mapper: uevent: version 1.0.3
[    0.726757] device-mapper: ioctl: 4.37.0-ioctl (2017-09-20) initialised: dm-devel@redhat.com
[    0.728556] ledtrig-cpu: registered to indicate activity on CPUs
[    0.730576] NET: Registered protocol family 10
[    0.735178] Segment Routing with IPv6
[    0.735916] NET: Registered protocol family 17
[    0.737062] Key type dns_resolver registered
[    0.738377] mce: Using 0 MCE banks
[    0.739001] RAS: Correctable Errors collector initialized.
[    0.740036] sched_clock: Marking stable (738353525, 0)->(1123579997, -385226472)
[    0.743304] registered taskstats version 1
[    0.744027] Loading compiled-in X.509 certificates
[    0.746964] Loaded X.509 cert 'Build time autogenerated kernel key: de118354fe72448b469776565e76ac30c08e8db2'
[    0.749203] Loaded X.509 cert 'Canonical Ltd. Live Patch Signing: 14df34d1a87cf37625abec039ef2bf521249b969'
[    0.751388] Loaded X.509 cert 'Canonical Ltd. Kernel Module Signing: 88f752e560a1e0737e31163a466ad7b70a850c19'
[    0.753272] zswap: loaded using pool lzo/zbud
[    0.761428] Key type big_key registered
[    0.762190] Key type trusted registered
[    0.764779] Key type encrypted registered
[    0.765493] AppArmor: AppArmor sha1 policy hashing enabled
[    0.766411] ima: No TPM chip found, activating TPM-bypass! (rc=-19)
[    0.767579] ima: Allocated hash algorithm: sha1
[    0.768565] evm: HMAC attrs: 0x1
[    0.769427]   Magic number: 13:844:877
[    0.770422] rtc_cmos rtc_cmos: setting system clock to 2021-07-22 08:52:27 UTC (1626943947)
[    0.772019] BIOS EDD facility v0.16 2004-Jun-25, 0 devices found
[    0.773109] EDD information not available.
[    0.986793] Freeing unused kernel image memory: 2444K
[    1.004585] Write protecting the kernel read-only data: 20480k
[    1.006676] Freeing unused kernel image memory: 2008K
[    1.008144] Freeing unused kernel image memory: 1828K
[    1.015319] x86/mm: Checked W+X mappings: passed, no W+X pages found.
[    1.016450] x86/mm: Checking user space page tables
[    1.023228] x86/mm: Checked W+X mappings: passed, no W+X pages found.
Loading, please wait...
starting version 237
[    1.084949] Fusion MPT base driver 3.04.20
[    1.085823] Copyright (c) 1999-2008 LSI Corporation
[    1.087143] e1000: Intel(R) PRO/1000 Network Driver - version 7.3.21-k8-NAPI
[    1.088463] e1000: Copyright (c) 1999-2006 Intel Corporation.
[    1.094992] Fusion MPT SPI Host driver 3.04.20
[    1.098171] AVX2 version of gcm_enc/dec engaged.
[    1.099035] AES CTR mode by8 optimization enabled
[    1.289311] input: ImExPS/2 Generic Explorer Mouse as /devices/platform/i8042/serio1/input/input4
[    1.468504] e1000 0000:00:03.0 eth0: (PCI:33MHz:32-bit) 02:79:d1:66:99:96
[    1.469812] e1000 0000:00:03.0 eth0: Intel(R) PRO/1000 Network Connection
[    1.845173] e1000 0000:00:08.0 eth1: (PCI:33MHz:32-bit) 08:00:27:bf:db:4d
[    1.846439] e1000 0000:00:08.0 eth1: Intel(R) PRO/1000 Network Connection
[    1.848385] mptbase: ioc0: Initiating bringup
[    1.848428] e1000 0000:00:03.0 enp0s3: renamed from eth0
[    1.885754] e1000 0000:00:08.0 enp0s8: renamed from eth1
[    2.172402] ioc0: LSI53C1030 A0: Capabilities={Initiator}
[    4.009715] scsi host2: ioc0: LSI53C1030 A0, FwRev=00000000h, Ports=1, MaxQ=256, IRQ=20
[    5.203902] scsi 2:0:0:0: Direct-Access     VBOX     HARDDISK         1.0  PQ: 0 ANSI: 5
[    6.143834] scsi target2:0:0: Beginning Domain Validation
[    6.148299] scsi target2:0:0: Domain Validation skipping write tests
[    6.149576] scsi target2:0:0: Ending Domain Validation
[    6.150741] scsi target2:0:0: asynchronous
[    6.152261] scsi 2:0:1:0: Direct-Access     VBOX     HARDDISK         1.0  PQ: 0 ANSI: 5
[    6.778970] scsi target2:0:1: Beginning Domain Validation
[    6.780653] random: fast init done
[    6.782002] scsi target2:0:1: Domain Validation skipping write tests
[    6.783094] scsi target2:0:1: Ending Domain Validation
[    6.783952] scsi target2:0:1: asynchronous
[    6.788179] random: systemd-udevd: uninitialized urandom read (16 bytes read)
[    6.788512] sd 2:0:0:0: [sda] 83886080 512-byte logical blocks: (42.9 GB/40.0 GiB)
[    6.789365] random: systemd-udevd: uninitialized urandom read (16 bytes read)
[    6.789372] sd 2:0:0:0: Attached scsi generic sg0 type 0
[    6.790803] sd 2:0:0:0: [sda] Write Protect is off
[    6.791258] sd 2:0:1:0: [sdb] 20480 512-byte logical blocks: (10.5 MB/10.0 MiB)
[    6.791340] sd 2:0:1:0: [sdb] Write Protect is off
[    6.791511] sd 2:0:1:0: [sdb] Incomplete mode parameter data
[    6.791513] sd 2:0:1:0: [sdb] Assuming drive cache: write through
[    6.792287] random: systemd-udevd: uninitialized urandom read (16 bytes read)
[    6.792698] sd 2:0:1:0: Attached scsi generic sg1 type 0
[    6.796468] sd 2:0:0:0: [sda] Incomplete mode parameter data
[    6.800085] sd 2:0:1:0: [sdb] Attached SCSI disk
[    6.800165] sd 2:0:0:0: [sda] Assuming drive cache: write through
[    6.807988]  sda: sda1
[    6.810138] sd 2:0:0:0: [sda] Attached SCSI disk
Begin: Loading essential drivers ... [    8.448370] raid6: sse2x1   gen() 13869 MB/s
[    8.496192] raid6: sse2x1   xor()  9959 MB/s
[    8.544521] raid6: sse2x2   gen() 16972 MB/s
[    8.592342] raid6: sse2x2   xor() 11304 MB/s
[    8.640180] raid6: sse2x4   gen() 19604 MB/s
[    8.688508] raid6: sse2x4   xor() 12156 MB/s
[    8.736312] raid6: avx2x1   gen() 28274 MB/s
[    8.784111] raid6: avx2x1   xor() 19376 MB/s
[    8.832446] raid6: avx2x2   gen() 33514 MB/s
[    8.880267] raid6: avx2x2   xor() 21174 MB/s
[    8.928528] raid6: avx2x4   gen() 34891 MB/s
[    8.976499] raid6: avx2x4   xor() 23262 MB/s
[    8.977457] raid6: using algorithm avx2x4 gen() 34891 MB/s
[    8.978470] raid6: .... xor() 23262 MB/s, rmw enabled
[    8.979458] raid6: using avx2x2 recovery algorithm
[    8.981703] xor: automatically using best checksumming function   avx       
[    8.984070] async_tx: api initialized (async)
done.
Begin: Running /scripts/init-premount ... done.
Begin: Mounting root file system ... Begin: Running /scripts/local-top ... done.
Begin: Running /scripts/local-premount ... [    9.026487] Btrfs loaded, crc32c=crc32c-intel
Scanning for Btrfs filesystems
done.
Warning: fsck not present, so skipping root file system
[    9.050527] EXT4-fs (sda1): mounted filesystem with ordered data mode. Opts: (null)
done.
Begin: Running /scripts/local-bottom ... done.
Begin: Running /scripts/init-bottom ... done.
[    9.407158] ip_tables: (C) 2000-2006 Netfilter Core Team
[    9.414970] systemd[1]: systemd 237 running in system mode. (+PAM +AUDIT +SELINUX +IMA +APPARMOR +SMACK +SYSVINIT +UTMP +LIBCRYPTSETUP +GCRYPT +GNUTLS +ACL +XZ +LZ4 +SECCOMP +BLKID +ELFUTILS +KMOD -IDN2 +IDN -PCRE2 default-hierarchy=hybrid)
[    9.418567] systemd[1]: Detected virtualization oracle.
[    9.419448] systemd[1]: Detected architecture x86-64.

Welcome to [1mUbuntu 18.04.5 LTS[0m!

[    9.441404] systemd[1]: Set hostname to <ubuntu>.
[    9.444636] systemd[1]: Initializing machine ID from random generator.
[    9.445892] systemd[1]: Installed transient /etc/machine-id file.
[   10.062647] systemd[1]: Started Forward Password Requests to Wall Directory Watch.
[[0;32m  OK  [0m] Started Forward Password Requests to Wall Directory Watch.
[   10.076889] systemd[1]: Reached target System Time Synchronized.
[[0;32m  OK  [0m] Reached target System Time Synchronized.
[   10.088762] systemd[1]: Set up automount Arbitrary Executable File Formats File System Automount Point.
[[0;32m  OK  [0m] Set up automount Arbitrary Executabâ€¦rmats File System Automount Point.
[   10.103832] systemd[1]: Created slice System Slice.
[[0;32m  OK  [0m] Created slice System Slice.
[[0;32m  OK  [0m] Listening on udev Kernel Socket.
[[0;32m  OK  [0m] Listening on LVM2 metadata daemon socket.
[[0;32m  OK  [0m] Listening on /dev/initctl Compatibility Named Pipe.
[[0;32m  OK  [0m] Listening on Network Service Netlink Socket.
[[0;32m  OK  [0m] Listening on Syslog Socket.
[[0;32m  OK  [0m] Created slice system-serial\x2dgetty.slice.
[[0;32m  OK  [0m] Reached target Swap.
[[0;32m  OK  [0m] Listening on Device-mapper event daemon FIFOs.
[[0;32m  OK  [0m] Listening on LVM2 poll daemon socket.
[[0;32m  OK  [0m] Listening on fsck to fsckd communication Socket.
[[0;32m  OK  [0m] Listening on Journal Socket (/dev/log).
[[0;32m  OK  [0m] Listening on Journal Audit Socket.
[[0;32m  OK  [0m] Listening on udev Control Socket.
[[0;32m  OK  [0m] Reached target User and Group Name Lookups.
[[0;32m  OK  [0m] Listening on Journal Socket.
         Starting Load Kernel Modules...
         Mounting Huge Pages File System...
[   10.257432] Loading iSCSI transport class v2.0-870.
         Starting Journal Service...
[   10.268359] iscsi: registered transport (tcp)
         Starting Monitoring of LVM2 mirrorsâ€¦ng dmeventd or progress polling...
[   10.283755] iscsi: registered transport (iser)
         Starting Create list of required stâ€¦ce nodes for the current kernel...
         Starting Set the console keyboard layout...
         Starting Uncomplicated firewall...
         Mounting Kernel Debug File System...
         Starting File System Check on Root Device...
         Mounting POSIX Message Queue File System...
         Starting udev Coldplug all Devices...
[[0;32m  OK  [0m] Created slice User and Session Slice.
[[0;32m  OK  [0m] Reached target Slices.
[[0;32m  OK  [0m] Started Journal Service.
[[0;32m  OK  [0m] Started Load Kernel Modules.
[[0;32m  OK  [0m] Mounted Huge Pages File System.
[[0;32m  OK  [0m] Started Create list of required staâ€¦vice nodes for the current kernel.
[[0;32m  OK  [0m] Started Uncomplicated firewall.
[[0;32m  OK  [0m] Mounted Kernel Debug File System.
[[0;32m  OK  [0m] Started File System Check on Root Device.
[[0;32m  OK  [0m] Mounted POSIX Message Queue File System.
[[0;32m  OK  [0m] Started LVM2 metadata daemon.
[[0;32m  OK  [0m] Started File System Check Daemon to report status.
         Starting Remount Root and Kernel File Systems...
         Starting Create Static Device Nodes in /dev...
         Mounting FUSE Control File System...
         Mounting Kernel Configuration File System...
         Starting Apply Kernel Variables...
[[0;32m  OK  [0[   10.501940] EXT4-fs (sda1): re-mounted. Opts: (null)
m] Started Monitoring of LVM2 mirrors,â€¦sing dmeventd or progress polling.
[[0;32m  OK  [0m] Started Set the console keyboard layout.
[[0;32m  OK  [0m] Started udev Coldplug all Devices.
[[0;32m  OK  [0m] Started Remount Root and Kernel File Systems.
[[0;32m  OK  [0m] Started Create Static Device Nodes in /dev.
[[0;32m  OK  [0m] Mounted FUSE Control File System.
[[0;32m  OK  [0m] Mounted Kernel Configuration File System.
         Starting udev Kernel Device Manager...
         Starting Flush Journal to Persistent Storage...
         Starting Load/Save Random Seed...
[[0;32m  OK  [0m] Reached target Local File Systems (Pre).
[[0;32m  OK  [0m] Reached target Local File Systems.
         Starting Commit a transient machine-id on disk...
         Starting AppArmor initialization...
         Starting Set console font and keymap...
         Starting ebtables ruleset management...
         Starting Tell Plymouth To Write Out Runtime Data...
[[0;32m  OK  [0m] Started Apply Kernel Variables.
[[0;32m  OK  [0m] Started Load/Save Random Seed.
[[0;32m  OK  [0m] Started udev Kernel Device Manager.
[[0;32m  OK  [0m] Started Dispatch Password Requests to Console Directory Watch.
[[0;32m  OK  [0m] Reached target Local Encrypted Volumes.
[[0;32m  OK  [0m] Started Set console font and keymap.
[[0;32m  OK  [0m] Started Tell Plymouth To Write Out Runtime Data.
[[0;32m  OK  [0m] Started Flush Journal to Persistent Storage.
         Starting Create Volatile Files and Directories...
[[0;32m  OK  [0m] Started Commit a transient machine-id on disk.
[[0;32m  OK  [0m] Started Create Volatile Files and Directories.
         Starting Update UTMP about System Boot/Shutdown...
[[0;32m  OK  [0m] Started Update UTMP about System Boot/Shutdown.
[[0;32m  OK  [0m] Started ebtables ruleset management.
[[0;32m  OK  [0m] Found device /dev/ttyS0.
[[0;32m  OK  [0m] Listening on Load/Save RF Kill Switch Status /dev/rfkill Watch.
[[0;32m  OK  [0m] Started AppArmor initialization.
         Starting Load AppArmor profiles managed internally by snapd...
         Starting Initial cloud-init job (pre-networking)...
[[0;32m  OK  [0m] Started Load AppArmor profiles managed internally by snapd.
[   12.621610] cloud-init[621]: Cloud-init v. 21.1-19-gbad84ad4-0ubuntu1~18.04.2 running 'init-local' at Thu, 22 Jul 2021 08:52:39 +0000. Up 12.27 seconds.
[[0;32m  OK  [0m] Started Initial cloud-init job (pre-networking).
[[0;32m  OK  [0m] Reached target Network (Pre).
         Starting Network Service...
[[0;32m  OK  [0m] Started Network Service.
         Starting Network Name Resolution...
         Starting Wait for Network to be Configured...
[[0;32m  OK  [0m] Started Network Name Resolution.
[[0;32m  OK  [0m] Reached target Network.
[[0;32m  OK  [0m] Reached target Host and Network Name Lookups.
[[0;32m  OK  [0m] Started Wait for Network to be Configured.
         Starting Initial cloud-init job (metadata service crawler)...
[   14.528192] cloud-init[734]: Cloud-init v. 21.1-19-gbad84ad4-0ubuntu1~18.04.2 running 'init' at Thu, 22 Jul 2021 08:52:41 +0000. Up 14.36 seconds.
[   14.544182] cloud-init[734]: ci-info: ++++++++++++++++++++++++++++++++++++++Net device info+++++++++++++++++++++++++++++++++++++++
[   14.556120] cloud-init[734]: ci-info: +--------+-------+----------------------------+---------------+--------+-------------------+
[   14.557045] cloud-init[734]: ci-info: | Device |   Up  |          Address           |      Mask     | Scope  |     Hw-Address    |
[   14.558003] cloud-init[734]: ci-info: +--------+-------+----------------------------+---------------+--------+-------------------+
[   14.559462] cloud-init[734]: ci-info: | enp0s3 |  True |         10.0.2.15          | 255.255.255.0 | global | 02:79:d1:66:99:96 |
[   14.560895] cloud-init[734]: ci-info: | enp0s3 |  True | fe80::79:d1ff:fe66:9996/64 |       .       |  link  | 02:79:d1:66:99:96 |
[   14.562201] cloud-init[734]: ci-info: | enp0s8 | False |             .              |       .       |   .    | 08:00:27:bf:db:4d |
[   14.563467] cloud-init[734]: ci-info: |   lo   |  True |         127.0.0.1          |   255.0.0.0   |  host  |         .         |
[   14.576231] cloud-init[734]: ci-info: |   lo   |  True |          ::1/128           |       .       |  host  |         .         |
[   14.577142] cloud-init[734]: ci-info: +--------+-------+----------------------------+---------------+--------+-------------------+
[   14.578086] cloud-init[734]: ci-info: ++++++++++++++++++++++++++++Route IPv4 info+++++++++++++++++++++++++++++
[   14.579203] cloud-init[734]: ci-info: +-------+-------------+----------+-----------------+-----------+-------+
[   14.580391] cloud-init[734]: ci-info: | Route | Destination | Gateway  |     Genmask     | Interface | Flags |
[   14.581588] cloud-init[734]: ci-info: +-------+-------------+----------+-----------------+-----------+-------+
[   14.582756] cloud-init[734]: ci-info: |   0   |   0.0.0.0   | 10.0.2.2 |     0.0.0.0     |   enp0s3  |   UG  |
[   14.583880] cloud-init[734]: ci-info: |   1   |   10.0.2.0  | 0.0.0.0  |  255.255.255.0  |   enp0s3  |   U   |
[   14.584991] cloud-init[734]: ci-info: |   2   |   10.0.2.2  | 0.0.0.0  | 255.255.255.255 |   enp0s3  |   UH  |
[   14.586078] cloud-init[734]: ci-info: +-------+-------------+----------+-----------------+-----------+-------+
[   14.587216] cloud-init[734]: ci-info: +++++++++++++++++++Route IPv6 info+++++++++++++++++++
[   14.588145] cloud-init[734]: ci-info: +-------+-------------+---------+-----------+-------+
[   14.589068] cloud-init[734]: ci-info: | Route | Destination | Gateway | Interface | Flags |
[   14.590018] cloud-init[734]: ci-info: +-------+-------------+---------+-----------+-------+
[   14.590923] cloud-init[734]: ci-info: |   1   |  fe80::/64  |    ::   |   enp0s3  |   U   |
[   14.591816] cloud-init[734]: ci-info: |   3   |    local    |    ::   |   enp0s3  |   U   |
[   14.592784] cloud-init[734]: ci-info: |   4   |   ff00::/8  |    ::   |   enp0s3  |   U   |
[   14.593608] cloud-init[734]: ci-info: +-------+-------------+---------+-----------+-------+
[   15.218548] cloud-init[734]: Generating public/private rsa key pair.
[   15.219189] cloud-init[734]: Your identification has been saved in /etc/ssh/ssh_host_rsa_key.
[   15.219968] cloud-init[734]: Your public key has been saved in /etc/ssh/ssh_host_rsa_key.pub.
[   15.220752] cloud-init[734]: The key fingerprint is:
[   15.221364] cloud-init[734]: SHA256:sxGz5O47QjhqpmRGQianmyXxWAHK7qbVBwaeybkX8zo root@ubuntu-bionic
[   15.222367] cloud-init[734]: The key's randomart image is:
[   15.232786] cloud-init[734]: +---[RSA 2048]----+
[   15.249333] cloud-init[734]: |...              |
[[0;32m  OK  [0m] Started Initial cloud-init job (metadata service crawler).
[   15.261074] cloud-init[734]: |o  .             |
[[0;32m  OK  [0m] Reached target Network is Online.
[   15.272995] cloud-init[734]: |+++     +        |
[   15.274169] cloud-init[734]: |=X =   o +       |
[   15.285757]          cloud-initStarting Availability of block devices...[734]: 
|=oO =.  S        |
[[0;32m  OK  [0m] Reached target Remote File Systems (Pre).
[[0;32m  OK  [0m] Reached target Remote File Systems.
[   15.297707] cloud-init[734]: |+= +o=.. +       |
[[0;32m  OK  [0m] Reached target System Initialization.
[   15.308524] cloud-init[734]: |o*o.ooo o        |
[[0;32m  OK  [0m] Listening on ACPID Listen Socket.
[   15.321826] cloud-init[734]: |*.+.Eo...        |
[[0;32m  OK  [0m] Started Discard unused blocks once a week.
[   15.323333] cloud-init[734]: |o+  .. .oo       |
[[0;32m  OK  [0m] Listening on D-Bus System Message Bus Socket.
[   15.336368] cloud-init[734]: +----[SHA256]-----+
[[0;32m  OK  [0m] Listening on UUID daemon activation socket.
[   15.337705] cloud-init[734]: Generating public/private dsa key pair.
[[0;32m  OK  [0m] Started Ubuntu Advantage update messaging.
[   15.339248] cloud-init[734]: Your identification has been saved in /etc/ssh/ssh_host_dsa_key.
         Starting Socket activation for snappy daemon.
[   15.540436] cloud-init[734]: Your public key has been saved in /etc/ssh/ssh_host_dsa_key.pub.
[[0;32m  OK  [0m] Started Daily apt download activities.
[   15.648884] cloud-init[734]: The key fingerprint is:
[   15.649914] [cloud-init[0;32m  OK  [0m[734]: ] SHA256:kHnlYY165eXc3TmCuiFt72QXXHpQspg+fVSf+BgvYII root@ubuntu-bionicListening on Open-iSCSI iscsid Socket.

[   15.649966] cloud-init[734]: The key's randomart image is:
[   15.660580]          cloud-initStarting LXD - unix socket.[734]: 
+---[DSA 1024]----+
[   15.661350] cloud-init[734]: |          +o . ..|
[[0;32m  OK  [0m] Started ACPI Events Check.
[[   15.673525] [0;32m  OK  [0mcloud-init] [734]: Reached target Paths.|       o.+..= * +|

[   15.674621] [cloud-init[0;32m  OK  [0m[734]: ] |      +E.o.B.O ==|Started Message of the Day.

[[0;32m  OK  [0m] Started Daily Cleanup of Temporary Directories.
[   15.674685] cloud-init[734]: |       o. =.=.%o+|
[[0;32m  OK  [0m] Started Daily apt upgrade and clean activities.
[   15.675957] cloud-init[734]: |        S..o B.=.|
[[0;32m  OK  [0m] Reached target Timers.
[[0;32m  OK  [0m] Reached target Cloud-config availability.
[   15.692333] cloud-init[734]: |       . =  . =  |
[   15.694157] [cloud-init[0;32m  OK  [0m[734]: ] |        o +o .   |Started Availability of block devices.

[   15.694948] [cloud-init[0;32m  OK  [0m[734]: ] |         .o..    |Listening on Socket activation for snappy daemon.

[   15.695008] cloud-init[734]: |          ..     |
[[0;32m  OK  [0m] Listening on LXD - unix socket.
[   15.695773] cloud-init[734]: +----[SHA256]-----+
[[0;32m  OK  [0m] Reached target Sockets.
[[0;32m  OK  [0m] Reached target Basic System.
[   15.964692] cloud-init[734]: Generating public/private ecdsa key pair.
[   15.978433] cloud-init[734]: Your identification has been saved in /etc/ssh/ssh_host_ecdsa_key.
[   15.979264] cloud-init[734]: Your public key has been saved in /etc/ssh/ssh_host_ecdsa_key.pub.
         [   15.996945] Starting Permit User Sessions...cloud-init
[734]: The key fingerprint is:
[   15.997936]          cloud-init[734]: SHA256:1B+/2MydFniW6B32/Wk120ZTUc6Gb5OKIIDUsTilemo root@ubuntu-bionicStarting System Logging Service...

         Starting LXD - container startup/shutdown...
[   15.999651] cloud-init[734]: The key's randomart image is:
         [   16.001459] Starting LSB: automatic crash report generation...cloud-init
[734]: +---[ECDSA 256]---+
[[0;32m  OK  [0m] Started D-Bus System Message Bus.
[   16.002685] cloud-init[734]: |   ..o.         o|
[   16.021365] cloud-init[734]: |  . =..  .     = |
[   16.032382] cloud-init[734]: |   = o  . . . . =|
[   16.032845] cloud-init[734]: |  . . ..   . ooo+|
[   16.033292] cloud-init[734]: | . .   .S.  .o.X+|
[   16.033771] cloud-init[734]: |  o     . . o=**X|
[   16.044232] cloud-init[734]: | E         ..o==X|
[   16.044762] cloud-init[734]: |.             .o=|
[   16.056388] cloud-init[734]: |              .o.|
[   16.068721] cloud-init[734]: +----[SHA256]-----+
[   16.080387] cloud-init[734]: Generating public/private ed25519 key pair.
[   16.092363] cloud-init[734]: Your identification has been saved in /etc/ssh/ssh_host_ed25519_key.
[   16.093416] cloud-init[734]: Your public key has been saved in /etc/ssh/ssh_host_ed25519_key.pub.
[   16.094199] cloud-init[734]: The key fingerprint is:
[   16.104158] cloud-init[734]: SHA256:TmQsQfpSp+XkdBQYqtgURH0Hal6AEH5eLBPHRALMljs root@ubuntu-bionic
[   16.105317] cloud-init[734]: The key's randomart image is:
[   16.105857] cloud-init[734]: +--[ED25519 256]--+
[   16.116787] cloud-init[734]: | o+B*BB o+o.     |
[   16.117349] cloud-init[734]: | .= .Bo*o..      |
[   16.117743] cloud-init[734]: | ...* O.X..      |
[   16.118321] cloud-init[734]: |  E* X & .       |
[   16.118707] cloud-init[734]: |  ..= + S        |
[   16.119120] cloud-init[734]: |     . o         |
[   16.128662] cloud-init[734]: |        .        |
[   16.129177] cloud-init[734]: |                 |
[   16.129983] cloud-init[734]: |                 |
[   16.140185] cloud-init[734]: +----[SHA256]-----+
         Starting Login Service...
         Starting Virtualbox guest utils...
         Starting Dispatcher daemon for systemd-networkd...
         Starting Accounts Service...
[[0;32m  OK  [0m] Started irqbalance daemon.
[[0;32m  OK  [0m] Started Deferred execution scheduler.
         Starting Snap Daemon...
         Starting Pollinate to seed the pseudo random number generator...
[[0;32m  OK  [0m] Started Regular background program processing daemon.
[[0;32m  OK  [0m] Started FUSE filesystem for LXC.
         Starting LSB: Record successful boot for GRUB...
[[0;32m  OK  [0m] Started System Logging Service.
[[0;32m  OK  [0m] Started Permit User Sessions.
[[0;32m  OK  [0m] Started LXD - container startup/shutdown.
[[0;32m  OK  [0m] Started Login Service.
         Starting Authorization Manager...
[[0;32m  OK  [0m] Started Unattended Upgrades Shutdown.
         Starting Terminate Plymouth Boot Screen...
         Starting Hold until boot process finishes up...
[[0;32m  OK  [0m] Started Terminate Plymouth Boot Screen.
[[0;32m  OK  [0m] Started Dispatcher daemon for systemd-networkd.
[[0;32m  OK  [0m] Started Hold until boot process finishes up.
[[0;32m  OK  [0m] Started Authorization Manager.
[[0;32m  OK  [0m] Started Accounts Service.
         Starting Set console scheme...
[[0;32m  OK  [0m] Started Serial Getty on ttyS0.
[[0;32m  OK  [0m] Started LSB: automatic crash report generation.
[[0;32m  OK  [0m] Started Set console scheme.
[[0;32m  OK  [0m] Created slice system-getty.slice.
[[0;32m  OK  [0m] Started Getty on tty1.
[[0;32m  OK  [0m] Reached target Login Prompts.
[[0;32m  OK  [0m] Started LSB: Record successful boot for GRUB.
[[0;32m  OK  [0m] Started Virtualbox guest utils.
[[0;32m  OK  [0m] Started Snap Daemon.
         Starting Wait until snapd is fully seeded...
[[0;32m  OK  [0m] Started Pollinate to seed the pseudo random number generator.
         Starting OpenBSD Secure Shell server...
[[0;32m  OK  [0m] Started OpenBSD Secure Shell server.
[[0;32m  OK  [0m] Created slice User Slice of vagrant.
         Starting User Manager for UID 1000...
[[0;32m  OK  [0m] Started Session 1 of user vagrant.
[[0;32m  OK  [0m] Started User Manager for UID 1000.

Ubuntu 18.04.5 LTS ubuntu-bionic ttyS0

ubuntu-bionic login: [   22.830236] cloud-init[1629]: Cloud-init v. 21.1-19-gbad84ad4-0ubuntu1~18.04.2 running 'modules:config' at Thu, 22 Jul 2021 08:52:49 +0000. Up 22.46 seconds.
ci-info: no authorized SSH keys fingerprints found for user ubuntu.
<14>Jul 22 08:52:50 ec2: 
<14>Jul 22 08:52:50 ec2: #############################################################
<14>Jul 22 08:52:50 ec2: -----BEGIN SSH HOST KEY FINGERPRINTS-----
<14>Jul 22 08:52:50 ec2: 1024 SHA256:kHnlYY165eXc3TmCuiFt72QXXHpQspg+fVSf+BgvYII root@ubuntu-bionic (DSA)
<14>Jul 22 08:52:50 ec2: 256 SHA256:1B+/2MydFniW6B32/Wk120ZTUc6Gb5OKIIDUsTilemo root@ubuntu-bionic (ECDSA)
<14>Jul 22 08:52:50 ec2: 256 SHA256:TmQsQfpSp+XkdBQYqtgURH0Hal6AEH5eLBPHRALMljs root@ubuntu-bionic (ED25519)
<14>Jul 22 08:52:50 ec2: 2048 SHA256:sxGz5O47QjhqpmRGQianmyXxWAHK7qbVBwaeybkX8zo root@ubuntu-bionic (RSA)
<14>Jul 22 08:52:50 ec2: -----END SSH HOST KEY FINGERPRINTS-----
<14>Jul 22 08:52:50 ec2: #############################################################
-----BEGIN SSH HOST KEY KEYS-----
ecdsa-sha2-nistp256 AAAAE2VjZHNhLXNoYTItbmlzdHAyNTYAAAAIbmlzdHAyNTYAAABBBM5SLTYS8qs3fvpdkC4SD1t+C6bQkNzYmqQWD4YzFjIaLoEXOQzdro7Rgtcv4PcCFD8oIxWSZ81E64j45xg5ayM= root@ubuntu-bionic
ssh-ed25519 AAAAC3NzaC1lZDI1NTE5AAAAIK3JUs3pvfxwvJYYXxRTnI33GdpsggyQ5mi43w2vRi1Q root@ubuntu-bionic
ssh-rsa AAAAB3NzaC1yc2EAAAADAQABAAABAQDgs/Ewf3wGnbnGWGLRQwooQY+Nq7zhvLT2JHVGRX0ekkRLYrQxSN9Y4Ff8qhnFWN5kS58aYuF1yQ7lWhYK4HO+fefm1Dr7aDnDhsYigXnxLgWik+DhoVh7ICpqzwwYKH0/u5wxAThuOZoeG7wUO+FuoobSO1TNAfqiU9syUZ8TACrORwJ8+HfI4+94wp/fN6jQ1Ye/XQdytyrLXEDQZRIWirCDz0qmGcRDUrXGPJOrY0KVJiLweMbhZOa+V0RKB2ukj8SaDGqN6ATFyj/ggCZ3QaYNrZFeK4e6xIrkPSeIjwfdrT1VOs2SMbCSg1P84jR5V9NGYK3Fl0n2V0d0TS3d root@ubuntu-bionic
-----END SSH HOST KEY KEYS-----
[   23.430430] cloud-init[1726]: Cloud-init v. 21.1-19-gbad84ad4-0ubuntu1~18.04.2 running 'modules:final' at Thu, 22 Jul 2021 08:52:50 +0000. Up 23.27 seconds.
[   23.430490] cloud-init[1726]: ci-info: no authorized SSH keys fingerprints found for user ubuntu.
[   23.430905] cloud-init[1726]: Cloud-init v. 21.1-19-gbad84ad4-0ubuntu1~18.04.2 finished at Thu, 22 Jul 2021 08:52:50 +0000. Datasource DataSourceNoCloud [seed=/dev/sdb][dsmode=net].  Up 23.41 seconds
